// Jest Snapshot v1, https://goo.gl/fbAQLP

exports[`PageSignUp.vue renders registration form 1`] = `
<div class="d-flex flex-fill justify-content-center align-items-center">
  <form novalidate="novalidate" class="d-flex flex-column w-25" style="min-width: 280px;">
    <fieldset class="form-group" id="__BVID__29">
      <!---->
      <div tabindex="-1" role="group" class="bv-no-focus-ring"><input id="name" type="text" placeholder="Your name..." class="form-control">
        <div class="invalid-feedback">
          Required field
        </div>
        <!---->
        <!---->
        <!---->
      </div>
    </fieldset>
    <fieldset class="form-group" id="__BVID__31">
      <!---->
      <div tabindex="-1" role="group" class="bv-no-focus-ring"><input id="email" type="email" placeholder="Your e-mail..." class="form-control">
        <div class="invalid-feedback">
          Required field
        </div>
        <!---->
        <!---->
        <!---->
      </div>
    </fieldset>
    <fieldset class="form-group" id="__BVID__33">
      <!---->
      <div tabindex="-1" role="group" class="bv-no-focus-ring"><input id="password" type="password" placeholder="Your password..." class="form-control">
        <div class="invalid-feedback">
          Required field
        </div>
        <!---->
        <!---->
        <!---->
      </div>
    </fieldset>
    <fieldset class="form-group" id="__BVID__35">
      <!---->
      <div tabindex="-1" role="group" class="bv-no-focus-ring"><input id="confirm-password" type="password" placeholder="Confirm password..." class="form-control">
        <div class="invalid-feedback">
          Required field
        </div>
        <!---->
        <!---->
        <!---->
      </div>
    </fieldset> <button type="submit" disabled="disabled" class="btn btn-secondary disabled">Sign Up</button>
  </form>
</div>
`;
